# upstream FFmpeg e vincolo ffnvcodec (2026-09-17)
## release su ffmpeg.org/releases (ultime)
ffmpeg-7.1.tar.xz
ffmpeg-7.1.1.tar.xz
ffmpeg-7.1.2.tar.xz
ffmpeg-7.1.3.tar.xz
ffmpeg-7.1.4.tar.xz
ffmpeg-7.1.5.tar.xz
ffmpeg-8.0.tar.xz
ffmpeg-8.0.1.tar.xz
ffmpeg-8.0.2.tar.xz
ffmpeg-8.0.3.tar.xz
ffmpeg-8.1.tar.xz
ffmpeg-8.1.1.tar.xz
ffmpeg-8.1.2.tar.xz
ffmpeg-9.0.tar.xz
ffmpeg-9.0.1.tar.xz

## grep 'ffnvcodec >=' nel configure di ogni release
n5.1.2   ffnvcodec >= 9.1.23.1

n6.0     ffnvcodec >= 12.0.16.0

n7.1.1   ffnvcodec >= 12.1.14.0

n7.1.5   ffnvcodec >= 12.1.14.0

n8.1.2   ffnvcodec >= 12.1.14.0

n9.0.1   ffnvcodec >= 12.1.14.0


## branch sdk/* di nv-codec-headers
old/sdk/8.0
old/sdk/8.2
old/sdk/9.0
old/sdk/9.1
old/sdk/10.0
sdk/8.1
sdk/11.0
sdk/11.1
sdk/12.0
sdk/12.1
sdk/12.2
sdk/13.0
